2026/08/11 14:02:11| Processing Configuration File: /etc/squid/squid.conf (depth 0)
2026/08/11 14:02:11| WARNING: HTTP requires the use of Via
2026/08/11 14:02:11| Created PID file (/var/run/squid/squid.pid)
2026/08/11 14:02:11| Current Directory is /
2026/08/11 14:02:11| Starting Squid Cache version 6.14 for x86_64-pc-linux-gnu...
2026/08/11 14:02:11| Service Name: squid
2026/08/11 14:02:11| Process ID 8
2026/08/11 14:02:11| Process Roles: master worker
2026/08/11 14:02:11| With 1024 file descriptors available
2026/08/11 14:02:11| Initializing IP Cache...
2026/08/11 14:02:11| DNS IPv6 socket created at [::], FD 8
2026/08/11 14:02:11| DNS IPv4 socket created at 0.0.0.0, FD 9
2026/08/11 14:02:11| Adding nameserver 168.63.129.16 from squid.conf
2026/08/11 14:02:11| Logfile: opening log /var/log/squid/access.log
2026/08/11 14:02:11| WARNING: log name now starts with a module name. Use 'stdio:/var/log/squid/access.log'
2026/08/11 14:02:11| Logfile: opening log /var/log/squid/audit.jsonl
2026/08/11 14:02:11| WARNING: log name now starts with a module name. Use 'stdio:/var/log/squid/audit.jsonl'
2026/08/11 14:02:11| Local cache digest enabled; rebuild/rewrite every 3600/3600 sec
2026/08/11 14:02:11| Store logging disabled
2026/08/11 14:02:11| Swap maxSize 0 + 65536 KB, estimated 5041 objects
2026/08/11 14:02:11| Target number of buckets: 252
2026/08/11 14:02:11| Using 8192 Store buckets
2026/08/11 14:02:11| Max Mem  size: 65536 KB
2026/08/11 14:02:11| Max Swap size: 0 KB
2026/08/11 14:02:11| Using Least Load store dir selection
2026/08/11 14:02:11| Current Directory is /
2026/08/11 14:02:11| Finished loading MIME types and icons.
2026/08/11 14:02:11| HTCP Disabled.
2026/08/11 14:02:11| Squid plugin modules loaded: 0
2026/08/11 14:02:11| Adaptation support is off.
2026/08/11 14:02:11| Accepting HTTP Socket connections at conn3 local=[::]:3128 remote=[::] FD 12 flags=9
    listening port: 3128
2026/08/11 14:02:11| Accepting HTTP Socket connections at conn5 local=[::]:3128 remote=[::] FD 13 flags=9
    listening port: [::]:3128
2026/08/11 14:02:11| ERROR: listen(..., 256) system call failed: (98) Address already in use
    listening port: [::]:3128
2026/08/11 14:02:12| storeLateRelease: released 0 objects
2026/08/11 14:02:24| Preparing for shutdown after 4 requests
2026/08/11 14:02:24| Waiting 0 seconds for active connections to finish
2026/08/11 14:02:24| Closing HTTP(S) port [::]:3128
    listening port: 3128
2026/08/11 14:02:24| Closing HTTP(S) port [::]:3128
    listening port: [::]:3128
2026/08/11 14:02:25| Shutdown: Negotiate authentication.
2026/08/11 14:02:25| Shutdown: Digest authentication.
2026/08/11 14:02:25| Shutdown: Basic authentication.
2026/08/11 14:02:25| Shutting down...
2026/08/11 14:02:25| storeDirWriteCleanLogs: Starting...
2026/08/11 14:02:25|   Finished.  Wrote 0 entries.
2026/08/11 14:02:25|   Took 0.00 seconds (  0.00 entries/sec).
CPU Usage: 0.061 seconds = 0.032 user + 0.029 sys
Maximum Resident Size: 100480 KB
Page faults with physical i/o: 75
2026/08/11 14:02:25| Logfile: closing log stdio:/var/log/squid/access.log
2026/08/11 14:02:25| Logfile: closing log stdio:/var/log/squid/audit.jsonl
2026/08/11 14:02:25| Open FD UNSTARTED     0 stdin
2026/08/11 14:02:25| Open FD UNSTARTED     1 stdout
2026/08/11 14:02:25| Open FD UNSTARTED     2 stderr
2026/08/11 14:02:25| Squid Cache (Version 6.14): Exiting normally.
2026/08/11 14:02:25| Removing PID file (/var/run/squid/squid.pid)
