2026/08/10 13:56:53| Processing Configuration File: /etc/squid/squid.conf (depth 0)
2026/08/10 13:56:53| WARNING: HTTP requires the use of Via
2026/08/10 13:56:53| Created PID file (/var/run/squid/squid.pid)
2026/08/10 13:56:53| Current Directory is /
2026/08/10 13:56:53| Starting Squid Cache version 6.14 for x86_64-pc-linux-gnu...
2026/08/10 13:56:53| Service Name: squid
2026/08/10 13:56:53| Process ID 8
2026/08/10 13:56:53| Process Roles: master worker
2026/08/10 13:56:53| With 1024 file descriptors available
2026/08/10 13:56:53| Initializing IP Cache...
2026/08/10 13:56:53| DNS IPv6 socket created at [::], FD 8
2026/08/10 13:56:53| DNS IPv4 socket created at 0.0.0.0, FD 9
2026/08/10 13:56:53| Adding nameserver 168.63.129.16 from squid.conf
2026/08/10 13:56:53| Logfile: opening log /var/log/squid/access.log
2026/08/10 13:56:53| WARNING: log name now starts with a module name. Use 'stdio:/var/log/squid/access.log'
2026/08/10 13:56:53| Logfile: opening log /var/log/squid/audit.jsonl
2026/08/10 13:56:53| WARNING: log name now starts with a module name. Use 'stdio:/var/log/squid/audit.jsonl'
2026/08/10 13:56:53| Local cache digest enabled; rebuild/rewrite every 3600/3600 sec
2026/08/10 13:56:53| Store logging disabled
2026/08/10 13:56:53| Swap maxSize 0 + 65536 KB, estimated 5041 objects
2026/08/10 13:56:53| Target number of buckets: 252
2026/08/10 13:56:53| Using 8192 Store buckets
2026/08/10 13:56:53| Max Mem  size: 65536 KB
2026/08/10 13:56:53| Max Swap size: 0 KB
2026/08/10 13:56:53| Using Least Load store dir selection
2026/08/10 13:56:53| Current Directory is /
2026/08/10 13:56:53| Finished loading MIME types and icons.
2026/08/10 13:56:53| HTCP Disabled.
2026/08/10 13:56:53| Squid plugin modules loaded: 0
2026/08/10 13:56:53| Adaptation support is off.
2026/08/10 13:56:53| Accepting HTTP Socket connections at conn3 local=[::]:3128 remote=[::] FD 12 flags=9
    listening port: 3128
2026/08/10 13:56:53| Accepting HTTP Socket connections at conn5 local=[::]:3128 remote=[::] FD 13 flags=9
    listening port: [::]:3128
2026/08/10 13:56:53| ERROR: listen(..., 256) system call failed: (98) Address already in use
    listening port: [::]:3128
2026/08/10 13:56:54| storeLateRelease: released 0 objects
2026/08/10 13:57:07| Preparing for shutdown after 4 requests
2026/08/10 13:57:07| Waiting 0 seconds for active connections to finish
2026/08/10 13:57:07| Closing HTTP(S) port [::]:3128
    listening port: 3128
2026/08/10 13:57:07| Closing HTTP(S) port [::]:3128
    listening port: [::]:3128
2026/08/10 13:57:08| Shutdown: Negotiate authentication.
2026/08/10 13:57:08| Shutdown: Digest authentication.
2026/08/10 13:57:08| Shutdown: Basic authentication.
